// Jest Snapshot v1, https://goo.gl/fbAQLP

exports[`pruebas en gifExpertApp debe de considir con el snapshot 1`] = `
<div>
  <h1>
    GIF APP
  </h1>
</div>
`;
